// Jest Snapshot v1, https://goo.gl/fbAQLP

exports[`app.spec.ts has the expected html structure 1`] = `
<div
  id="app"
>
  <!---->
</div>
`;
